<html>
<body>
<pre>
<h1>µVision Build Log</h1>
<h2>Project:</h2>
G:\GitHub\STM32-Lib\Project\template1\MDK\template.uvproj
Project File Date:  04/01/2015

<h2>Output:</h2>
Rebuild target 'template'
compiling misc.c...
compiling stm32f10x_adc.c...
compiling stm32f10x_bkp.c...
compiling stm32f10x_can.c...
compiling stm32f10x_cec.c...
compiling stm32f10x_crc.c...
compiling stm32f10x_dac.c...
compiling stm32f10x_dbgmcu.c...
compiling stm32f10x_dma.c...
compiling stm32f10x_exti.c...
compiling stm32f10x_flash.c...
compiling stm32f10x_fsmc.c...
compiling stm32f10x_gpio.c...
compiling stm32f10x_i2c.c...
compiling stm32f10x_iwdg.c...
compiling stm32f10x_pwr.c...
compiling stm32f10x_rcc.c...
compiling stm32f10x_rtc.c...
compiling stm32f10x_sdio.c...
compiling stm32f10x_spi.c...
compiling stm32f10x_tim.c...
compiling stm32f10x_usart.c...
compiling stm32f10x_wwdg.c...
compiling oled.c...
assembling startup_stm32f10x_hd.s...
compiling core_cm3.c...
compiling delay.c...
compiling sys.c...
compiling usart.c...
compiling system_stm32f10x.c...
compiling main.c...
compiling stm32f10x_it.c...
linking...
Program Size: Code=4208 RO-data=336 RW-data=44 ZI-data=1836  
FromELF: creating hex file...
".\OUT\template.axf" - 0 Error(s), 0 Warning(s).
Load "G:\\GitHub\\STM32-Lib\\Project\\template1\\MDK\\OUT\\template.axf" 
Set JLink Project File to "G:\GitHub\STM32-Lib\Project\template1\MDK\JLinkSettings.ini"
* JLink Info: Device "STM32F103ZE" selected (512 KB flash, 64 KB RAM).
 
JLink info:
------------
DLL: V4.80g, compiled Feb 13 2014 20:50:02
Firmware: J-Link ARM V8 compiled Nov 25 2013 19:20:08
Hardware: V8.00
S/N : 286370559 
Feature(s) : RDI,FlashDL,FlashBP,JFlash 
 
* JLink Info: TotalIRLen = 9, IRPrint = 0x0011
* JLink Info: TotalIRLen = 9, IRPrint = 0x0011
* JLink Info: Found Cortex-M3 r1p1, Little endian.
* JLink Info: FPUnit: 6 code (BP) slots and 2 literal slots
* JLink Info: TPIU fitted.
* JLink Info: ETM fitted.
ROMTableAddr = 0xE00FF003
 
Target info:
------------
Device: STM32F103ZE
VTarget = 3.261V
State of Pins: 
TCK: 1, TDI: 0, TDO: 1, TMS: 0, TRES: 1, TRST: 1
Hardware-Breakpoints: 6
Software-Breakpoints: 8192
Watchpoints:          4
JTAG speed: 2000 kHz
 
Erase Done.
Programming Done.
Verify OK.
</pre>
</body>
</html>
1
Hardware-Breakpoints: 6
Software-Breakpoints: 8192
Watchpoints:          4
JTAG speed: 2000 kHz
 
Erase Done.
Programming Done.
Verify OK.
pe name "u32" (declared at line 508)
  typedef unsigned long u32;
..\..\..\Libraries\STM32F10x_StdPeriph_Driver\src\stm32f10x_dbgmcu.c: 0 warnings, 1 error
compiling stm32f10x_dma.c...
D:\Keil_v5\ARM\PACK\Keil\STM32F1xx_DFP\1.1.0\Device\Include\stm32f10x.h(8336): error:  #256: invalid redeclaration of type name "u32" (declared at line 508)
  typedef unsigned long u32;
..\..\..\Libraries\STM32F10x_StdPeriph_Driver\src\stm32f10x_dma.c: 0 warnings, 1 error
compiling stm32f10x_exti.c...
D:\Keil_v5\ARM\PACK\Keil\STM32F1xx_DFP\1.1.0\Device\Include\stm32f10x.h(8336): error:  #256: invalid redeclaration of type name "u32" (declared at line 508)
  typedef unsigned long u32;
..\..\..\Libraries\STM32F10x_StdPeriph_Driver\src\stm32f10x_exti.c: 0 warnings, 1 error
compiling stm32f10x_flash.c...
D:\Keil_v5\ARM\PACK\Keil\STM32F1xx_DFP\1.1.0\Device\Include\stm32f10x.h(8336): error:  #256: invalid redeclaration of type name "u32" (declared at line 508)
  typedef unsigned long u32;
..\..\..\Libraries\STM32F10x_StdPeriph_Driver\src\stm32f10x_flash.c: 0 warnings, 1 error
compiling stm32f10x_fsmc.c...
D:\Keil_v5\ARM\PACK\Keil\STM32F1xx_DFP\1.1.0\Device\Include\stm32f10x.h(8336): error:  #256: invalid redeclaration of type name "u32" (declared at line 508)
  typedef unsigned long u32;
..\..\..\Libraries\STM32F10x_StdPeriph_Driver\src\stm32f10x_fsmc.c: 0 warnings, 1 error
compiling stm32f10x_gpio.c...
D:\Keil_v5\ARM\PACK\Keil\STM32F1xx_DFP\1.1.0\Device\Include\stm32f10x.h(8336): error:  #256: invalid redeclaration of type name "u32" (declared at line 508)
  typedef unsigned long u32;
..\..\..\Libraries\STM32F10x_StdPeriph_Driver\src\stm32f10x_gpio.c: 0 warnings, 1 error
compiling stm32f10x_i2c.c...
D:\Keil_v5\ARM\PACK\Keil\STM32F1xx_DFP\1.1.0\Device\Include\stm32f10x.h(8336): error:  #256: invalid redeclaration of type name "u32" (declared at line 508)
  typedef unsigned long u32;
..\..\..\Libraries\STM32F10x_StdPeriph_Driver\src\stm32f10x_i2c.c: 0 warnings, 1 error
compiling stm32f10x_iwdg.c...
D:\Keil_v5\ARM\PACK\Keil\STM32F1xx_DFP\1.1.0\Device\Include\stm32f10x.h(8336): error:  #256: invalid redeclaration of type name "u32" (declared at line 508)
  typedef unsigned long u32;
..\..\..\Libraries\STM32F10x_StdPeriph_Driver\src\stm32f10x_iwdg.c: 0 warnings, 1 error
compiling stm32f10x_pwr.c...
D:\Keil_v5\ARM\PACK\Keil\STM32F1xx_DFP\1.1.0\Device\Include\stm32f10x.h(8336): error:  #256: invalid redeclaration of type name "u32" (declared at line 508)
  typedef unsigned long u32;
..\..\..\Libraries\STM32F10x_StdPeriph_Driver\src\stm32f10x_pwr.c: 0 warnings, 1 error
compiling stm32f10x_rcc.c...
D:\Keil_v5\ARM\PACK\Keil\STM32F1xx_DFP\1.1.0\Device\Include\stm32f10x.h(8336): error:  #256: invalid redeclaration of type name "u32" (declared at line 508)
  typedef unsigned long u32;
..\..\..\Libraries\STM32F10x_StdPeriph_Driver\src\stm32f10x_rcc.c: 0 warnings, 1 error
compiling stm32f10x_rtc.c...
D:\Keil_v5\ARM\PACK\Keil\STM32F1xx_DFP\1.1.0\Device\Include\stm32f10x.h(8336): error:  #256: invalid redeclaration of type name "u32" (declared at line 508)
  typedef unsigned long u32;
..\..\..\Libraries\STM32F10x_StdPeriph_Driver\src\stm32f10x_rtc.c: 0 warnings, 1 error
compiling stm32f10x_sdio.c...
D:\Keil_v5\ARM\PACK\Keil\STM32F1xx_DFP\1.1.0\Device\Include\stm32f10x.h(8336): error:  #256: invalid redeclaration of type name "u32" (declared at line 508)
  typedef unsigned long u32;
..\..\..\Libraries\STM32F10x_StdPeriph_Driver\src\stm32f10x_sdio.c: 0 warnings, 1 error
compiling stm32f10x_spi.c...
D:\Keil_v5\ARM\PACK\Keil\STM32F1xx_DFP\1.1.0\Device\Include\stm32f10x.h(8336): error:  #256: invalid redeclaration of type name "u32" (declared at line 508)
  typedef unsigned long u32;
..\..\..\Libraries\STM32F10x_StdPeriph_Driver\src\stm32f10x_spi.c: 0 warnings, 1 error
compiling stm32f10x_tim.c...
D:\Keil_v5\ARM\PACK\Keil\STM32F1xx_DFP\1.1.0\Device\Include\stm32f10x.h(8336): error:  #256: invalid redeclaration of type name "u32" (declared at line 508)
  typedef unsigned long u32;
..\..\..\Libraries\STM32F10x_StdPeriph_Driver\src\stm32f10x_tim.c: 0 warnings, 1 error
compiling stm32f10x_usart.c...
D:\Keil_v5\ARM\PACK\Keil\STM32F1xx_DFP\1.1.0\Device\Include\stm32f10x.h(8336): error:  #256: invalid redeclaration of type name "u32" (declared at line 508)
  typedef unsigned long u32;
..\..\..\Libraries\STM32F10x_StdPeriph_Driver\src\stm32f10x_usart.c: 0 warnings, 1 error
compiling stm32f10x_wwdg.c...
D:\Keil_v5\ARM\PACK\Keil\STM32F1xx_DFP\1.1.0\Device\Include\stm32f10x.h(8336): error:  #256: invalid redeclaration of type name "u32" (declared at line 508)
  typedef unsigned long u32;
..\..\..\Libraries\STM32F10x_StdPeriph_Driver\src\stm32f10x_wwdg.c: 0 warnings, 1 error
compiling oled.c...
D:\Keil_v5\ARM\PACK\Keil\STM32F1xx_DFP\1.1.0\Device\Include\stm32f10x.h(8336): error:  #256: invalid redeclaration of type name "u32" (declared at line 508)
  typedef unsigned long u32;
..\src\oled.c(4): error:  #5: cannot open source input file "delay.h": No such file or directory
  #include "delay.h"
..\src\oled.c: 0 warnings, 2 errors
assembling startup_stm32f10x_hd.s...
compiling core_cm3.c...
compiling system_stm32f10x.c...
compiling main.c...
D:\Keil_v5\ARM\PACK\Keil\STM32F1xx_DFP\1.1.0\Device\Include\stm32f10x.h(8336): error:  #256: invalid redeclaration of type name "u32" (declared at line 508)
  typedef unsigned long u32;
..\src\main.c: 0 warnings, 1 error
compiling stm32f10x_it.c...
D:\Keil_v5\ARM\PACK\Keil\STM32F1xx_DFP\1.1.0\Device\Include\stm32f10x.h(8336): error:  #256: invalid redeclaration of type name "u32" (declared at line 508)
  typedef unsigned long u32;
..\sys\stm32f10x_it.c: 0 warnings, 1 error
".\OUT\template.axf" - 27 Error(s), 0 Warning(s).
Target not created
u8" is undefined
  void OLED_Fill(u8 x1,u8 y1,u8 x2,u8 y2,u8 dot);
..\src\oled.h(64): error:  #20: identifier "u8" is undefined
  void OLED_ShowChar(u8 x,u8 y,u8 chr,u8 size,u8 mode);
..\src\oled.h(64): error:  #20: identifier "u8" is undefined
  void OLED_ShowChar(u8 x,u8 y,u8 chr,u8 size,u8 mode);
..\src\oled.h(64): error:  #20: identifier "u8" is undefined
  void OLED_ShowChar(u8 x,u8 y,u8 chr,u8 size,u8 mode);
..\src\oled.h(64): error:  #20: identifier "u8" is undefined
  void OLED_ShowChar(u8 x,u8 y,u8 chr,u8 size,u8 mode);
..\src\oled.h(64): error:  #20: identifier "u8" is undefined
  void OLED_ShowChar(u8 x,u8 y,u8 chr,u8 size,u8 mode);
..\src\oled.h(65): error:  #20: identifier "u8" is undefined
  void OLED_ShowNum(u8 x,u8 y,u32 num,u8 len,u8 size);
..\src\oled.h(65): error:  #20: identifier "u8" is undefined
  void OLED_ShowNum(u8 x,u8 y,u32 num,u8 len,u8 size);
..\src\oled.h(65): error:  #20: identifier "u32" is undefined
  void OLED_ShowNum(u8 x,u8 y,u32 num,u8 len,u8 size);
..\src\oled.h(65): error:  #20: identifier "u8" is undefined
  void OLED_ShowNum(u8 x,u8 y,u32 num,u8 len,u8 size);
..\src\oled.h(65): error:  #20: identifier "u8" is undefined
  void OLED_ShowNum(u8 x,u8 y,u32 num,u8 len,u8 size);
..\src\oled.h(66): error:  #20: identifier "u8" is undefined
  void OLED_ShowString(u8 x,u8 y,const u8 *p);   
..\src\oled.h(66): error:  #20: identifier "u8" is undefined
  void OLED_ShowString(u8 x,u8 y,const u8 *p);   
..\src\oled.h(66): error:  #20: identifier "u8" is undefined
  void OLED_ShowString(u8 x,u8 y,const u8 *p);   
..\src\oled.c(4): error:  #5: cannot open source input file "delay.h": No such file or directory
  #include "delay.h"
..\src\oled.c: 0 warnings, 24 errors
assembling startup_stm32f10x_hd.s...
compiling core_cm3.c...
compiling system_stm32f10x.c...
compiling main.c...
D:\Keil_v5\ARM\PACK\Keil\STM32F1xx_DFP\1.1.0\Device\Include\stm32f10x.h(8336): error:  #256: invalid redeclaration of type name "u32" (declared at line 508)
  typedef unsigned long u32;
..\src\main.c: 0 warnings, 1 error
compiling stm32f10x_it.c...
D:\Keil_v5\ARM\PACK\Keil\STM32F1xx_DFP\1.1.0\Device\Include\stm32f10x.h(8336): error:  #256: invalid redeclaration of type name "u32" (declared at line 508)
  typedef unsigned long u32;
..\sys\stm32f10x_it.c: 0 warnings, 1 error
".\OUT\template.axf" - 49 Error(s), 0 Warning(s).
Target not created
